// Jest Snapshot v1, https://goo.gl/fbAQLP

exports[`Icon组件 xxx 1`] = `
<svg
  className="wui-icon"
>
  <use
    xlinkHref="#qq"
  />
</svg>
`;
